Godot Engine v4.7.1.stable.official.a13da4feb - https://godotengine.org

ERROR: Failed to read the root certificate store.
   at: get_system_ca_certificates (platform/windows/os_windows.cpp:2582)
[   0% ] first_scan_filesystem | Started 프로젝트 초기화 (5 steps)
[   0% ] first_scan_filesystem | 파일 구조 스캔 중...
[  16% ] first_scan_filesystem | 전역 클래스 이름을 불러오는 중...
[  33% ] first_scan_filesystem | GDExtensions 검증 중...
[  50% ] first_scan_filesystem | 오토로드 스크립트를 만드는 중...
[  66% ] first_scan_filesystem | 플러그인을 초기화 중...
[  83% ] first_scan_filesystem | 파일 스캔 시작 중...
[ DONE ] first_scan_filesystem

[   0% ] update_scripts_classes | Started 전역 클래스를 등록하는 중... (5 steps)
[   0% ] update_scripts_classes | PrototypeDatabase
[  16% ] update_scripts_classes | 
[  33% ] update_scripts_classes | PrototypeTower
[  50% ] update_scripts_classes | 
[  66% ] update_scripts_classes | 
[ DONE ] update_scripts_classes

[   0% ] savepack | Started 패킹 중 (102 steps)
[   1% ] savepack | 파일 저장 중: res://.godot/imported/casual_rpg_mine_day_v2.png-2517a5f31a24fa340ba6e45eb326c85e.ctex
[   1% ] savepack | 파일 저장 중: res://assets/backgrounds/casual_rpg_mine_day_v2.png.import
[   1% ] savepack | 파일 저장 중: res://.godot/imported/casual_rpg_mine_day_v3.png-2379e5a32689892e81b45a21d527bc5a.ctex
[   1% ] savepack | 파일 저장 중: res://assets/backgrounds/casual_rpg_mine_day_v3.png.import
[   2% ] savepack | 파일 저장 중: res://.godot/imported/casual_rpg_mine_day_v4.png-56bceb826f53c52dc6dcf900a90955cd.ctex
[   2% ] savepack | 파일 저장 중: res://assets/backgrounds/casual_rpg_mine_day_v4.png.import
[   2% ] savepack | 파일 저장 중: res://.godot/imported/casual_rpg_mine_day_v5.png-c440aa75e378383df3e1cd861bce987f.ctex
[   2% ] savepack | 파일 저장 중: res://assets/backgrounds/casual_rpg_mine_day_v5.png.import
[   3% ] savepack | 파일 저장 중: res://.godot/imported/casual_rpg_mine_day_v6.png-84cd7de7a31a1dcab55e5d940570dbf4.ctex
[   3% ] savepack | 파일 저장 중: res://assets/backgrounds/casual_rpg_mine_day_v6.png.import
[   3% ] savepack | 파일 저장 중: res://.godot/imported/casual_rpg_mine_day_v7.png-28f065b23f70c2c59ba9c5a928be7bab.ctex
[   3% ] savepack | 파일 저장 중: res://assets/backgrounds/casual_rpg_mine_day_v7.png.import
[   4% ] savepack | 파일 저장 중: res://.godot/imported/casual_rpg_mine_day_v8.png-4a28cb8e8f151b937ca5df31257aa5df.ctex
[   4% ] savepack | 파일 저장 중: res://assets/backgrounds/casual_rpg_mine_day_v8.png.import
[   4% ] savepack | 파일 저장 중: res://.godot/imported/casual_rpg_mine_night_v1.png-bc6f6ac31aaaeb7f4eb662777f23ec0c.ctex
[   4% ] savepack | 파일 저장 중: res://assets/backgrounds/casual_rpg_mine_night_v1.png.import
[   5% ] savepack | 파일 저장 중: res://.godot/imported/casual_rpg_mine_night_v2.png-cf9def3d1ce87578da887fce35aa8c82.ctex
[   5% ] savepack | 파일 저장 중: res://assets/backgrounds/casual_rpg_mine_night_v2.png.import
[   6% ] savepack | 파일 저장 중: res://.godot/imported/casual_rpg_mine_night_v3.png-a22853d37f3ed6bdee1b09bf3bee5df9.ctex
[   6% ] savepack | 파일 저장 중: res://assets/backgrounds/casual_rpg_mine_night_v3.png.import
[   6% ] savepack | 파일 저장 중: res://.godot/imported/casual_rpg_mine_night_v4.png-903cddfb29a470014955b9e2a889cef7.ctex
[   6% ] savepack | 파일 저장 중: res://assets/backgrounds/casual_rpg_mine_night_v4.png.import
[   7% ] savepack | 파일 저장 중: res://.godot/imported/casual_rpg_mine_night_v5.png-641baa98e553b52d33982a19616aef45.ctex
[   7% ] savepack | 파일 저장 중: res://assets/backgrounds/casual_rpg_mine_night_v5.png.import
[   7% ] savepack | 파일 저장 중: res://.godot/imported/casual_rpg_mine_night_v6.png-e2f6dc78285412be809fa1b2bae0d5c7.ctex
[   7% ] savepack | 파일 저장 중: res://assets/backgrounds/casual_rpg_mine_night_v6.png.import
[   8% ] savepack | 파일 저장 중: res://.godot/imported/casual_rpg_mine_night_v7.png-0d5a6bd65288e5f751e21b555bc94a67.ctex
[   8% ] savepack | 파일 저장 중: res://assets/backgrounds/casual_rpg_mine_night_v7.png.import
[   8% ] savepack | 파일 저장 중: res://.godot/imported/casual_rpg_mine_night_v8.png-32debd4bf40b3bd0edb0dd68d6070df4.ctex
[   8% ] savepack | 파일 저장 중: res://assets/backgrounds/casual_rpg_mine_night_v8.png.import
[   9% ] savepack | 파일 저장 중: res://.godot/imported/casual_rpg_mine_v1.png-b4803ceb3ba91434c1004f764b7b472c.ctex
[   9% ] savepack | 파일 저장 중: res://assets/backgrounds/casual_rpg_mine_v1.png.import
[  10% ] savepack | 파일 저장 중: res://.godot/imported/flamethrower_dot_v2.png-64268f34162dc2fe5b97d5fd1f0a42d9.ctex
[  10% ] savepack | 파일 저장 중: res://assets/combat_vfx/flamethrower_dot_v2.png.import
[  10% ] savepack | 파일 저장 중: res://.godot/imported/hit_melee_slash.png-00cc10cf8de85b67db06981b0aaa422e.ctex
[  10% ] savepack | 파일 저장 중: res://assets/combat_vfx/hit_melee_slash.png.import
[  11% ] savepack | 파일 저장 중: res://.godot/imported/hit_melee_slash_v2.png-b500cffedb0faadebbfd4fbd9b7b1974.ctex
[  11% ] savepack | 파일 저장 중: res://assets/combat_vfx/hit_melee_slash_v2.png.import
[  11% ] savepack | 파일 저장 중: res://.godot/imported/hit_stun_lightning.png-8c7c76bece5f8451c2ffd9c91b5205f7.ctex
[  11% ] savepack | 파일 저장 중: res://assets/combat_vfx/hit_stun_lightning.png.import
[  12% ] savepack | 파일 저장 중: res://.godot/imported/hit_stun_lightning_v2.png-e45c6143b187d280db3761e2be2bf196.ctex
[  12% ] savepack | 파일 저장 중: res://assets/combat_vfx/hit_stun_lightning_v2.png.import
[  12% ] savepack | 파일 저장 중: res://.godot/imported/projectile_dot_flame.png-79a06fbe7e8f3800c3965547d529b023.ctex
[  12% ] savepack | 파일 저장 중: res://assets/combat_vfx/projectile_dot_flame.png.import
[  13% ] savepack | 파일 저장 중: res://.godot/imported/projectile_ranged_pea.png-c9e38071e16087ac5fb8941722e5245a.ctex
[  13% ] savepack | 파일 저장 중: res://assets/combat_vfx/projectile_ranged_pea.png.import
[  13% ] savepack | 파일 저장 중: res://.godot/imported/projectile_ranged_pea_v2.png-3cb1b30a884fb688af37c23a19a40e4d.ctex
[  13% ] savepack | 파일 저장 중: res://assets/combat_vfx/projectile_ranged_pea_v2.png.import
[  14% ] savepack | 파일 저장 중: res://.godot/imported/projectile_slow_snowball.png-e79908f2f8a0f926b226f657eb29501f.ctex
[  14% ] savepack | 파일 저장 중: res://assets/combat_vfx/projectile_slow_snowball.png.import
[  15% ] savepack | 파일 저장 중: res://.godot/imported/projectile_slow_snowball_v2.png-687b60bd6d15e302e88baec3905e854c.ctex
[  15% ] savepack | 파일 저장 중: res://assets/combat_vfx/projectile_slow_snowball_v2.png.import
[  15% ] savepack | 파일 저장 중: res://.godot/imported/status_stun_stars.png-2061704ad371444e7a954f562198eeee.ctex
[  15% ] savepack | 파일 저장 중: res://assets/combat_vfx/status_stun_stars.png.import
[  16% ] savepack | 파일 저장 중: res://.godot/imported/status_stun_stars_v2.png-199261134da85324db7553367715d441.ctex
[  16% ] savepack | 파일 저장 중: res://assets/combat_vfx/status_stun_stars_v2.png.import
[  16% ] savepack | 파일 저장 중: res://.godot/imported/stun_charge_aura.png-75b94e96823b7b6e83f6eb08a4ae6af0.ctex
[  16% ] savepack | 파일 저장 중: res://assets/combat_vfx/stun_charge_aura.png.import
[  17% ] savepack | 파일 저장 중: res://.godot/imported/stun_charge_aura_v2.png-b218c5e5c33f454b4845e34f385d9448.ctex
[  17% ] savepack | 파일 저장 중: res://assets/combat_vfx/stun_charge_aura_v2.png.import
[  17% ] savepack | 파일 저장 중: res://.godot/imported/gold_ore_drill_v1.png-c31848333da33ee2e62f996caf2fb391.ctex
[  17% ] savepack | 파일 저장 중: res://assets/environment/gold_ore_drill_v1.png.import
[  18% ] savepack | 파일 저장 중: res://.godot/imported/Jua-Regular.ttf-69b81abe04d21f5b162d8c70bc8d894b.fontdata
[  18% ] savepack | 파일 저장 중: res://assets/fonts/Jua-Regular.ttf.import
[  19% ] savepack | 파일 저장 중: res://.godot/imported/NotoSansKR.ttf-3ae954ae8c14792ea34daf89520c1713.fontdata
[  19% ] savepack | 파일 저장 중: res://assets/fonts/NotoSansKR.ttf.import
[  19% ] savepack | 파일 저장 중: res://.godot/imported/dot_t1.png-330275bfdb070fd4b48165a4843f8845.ctex
[  19% ] savepack | 파일 저장 중: res://assets/towers/bodies/dot_t1.png.import
[  20% ] savepack | 파일 저장 중: res://.godot/imported/dot_t2.png-607c2f102b982e0e94a198bb01203b6e.ctex
[  20% ] savepack | 파일 저장 중: res://assets/towers/bodies/dot_t2.png.import
[  20% ] savepack | 파일 저장 중: res://.godot/imported/dot_t3.png-310499731875063995d5ab073596b9aa.ctex
[  20% ] savepack | 파일 저장 중: res://assets/towers/bodies/dot_t3.png.import
[  21% ] savepack | 파일 저장 중: res://.godot/imported/dot_t4.png-759c6b4cf8cff0a9dd516f2aca54faf0.ctex
[  21% ] savepack | 파일 저장 중: res://assets/towers/bodies/dot_t4.png.import
[  21% ] savepack | 파일 저장 중: res://.godot/imported/melee_t1.png-5ed8fff5ba5ff8471ba1c91f3cc4e584.ctex
[  21% ] savepack | 파일 저장 중: res://assets/towers/bodies/melee_t1.png.import
[  22% ] savepack | 파일 저장 중: res://.godot/imported/melee_t2.png-7c0ca19ab7c4f0ce350174f1c91acb70.ctex
[  22% ] savepack | 파일 저장 중: res://assets/towers/bodies/melee_t2.png.import
[  23% ] savepack | 파일 저장 중: res://.godot/imported/melee_t3.png-0768781a56b189f939e220358ecffd6b.ctex
[  23% ] savepack | 파일 저장 중: res://assets/towers/bodies/melee_t3.png.import
[  23% ] savepack | 파일 저장 중: res://.godot/imported/melee_t4.png-074ba95b4fee1ad8e6fe4ce8ff953b60.ctex
[  23% ] savepack | 파일 저장 중: res://assets/towers/bodies/melee_t4.png.import
[  24% ] savepack | 파일 저장 중: res://.godot/imported/ranged_t1.png-cdff471465a9185550f9fd465de3d0f1.ctex
[  24% ] savepack | 파일 저장 중: res://assets/towers/bodies/ranged_t1.png.import
[  24% ] savepack | 파일 저장 중: res://.godot/imported/ranged_t2.png-bcf5c4e576c67188ca93994cea6a83bf.ctex
[  24% ] savepack | 파일 저장 중: res://assets/towers/bodies/ranged_t2.png.import
[  25% ] savepack | 파일 저장 중: res://.godot/imported/ranged_t3.png-1091eec96d01efdb8936413fde7a8f74.ctex
[  25% ] savepack | 파일 저장 중: res://assets/towers/bodies/ranged_t3.png.import
[  25% ] savepack | 파일 저장 중: res://.godot/imported/ranged_t4.png-be6980f62b267b8806b0bc4201135617.ctex
[  25% ] savepack | 파일 저장 중: res://assets/towers/bodies/ranged_t4.png.import
[  26% ] savepack | 파일 저장 중: res://.godot/imported/slow_t1.png-163ab376846e1f00d0d0bb19d009e540.ctex
[  26% ] savepack | 파일 저장 중: res://assets/towers/bodies/slow_t1.png.import
[  26% ] savepack | 파일 저장 중: res://.godot/imported/slow_t2.png-d351cc38e74bba7692c2fcb8afea4533.ctex
[  26% ] savepack | 파일 저장 중: res://assets/towers/bodies/slow_t2.png.import
[  27% ] savepack | 파일 저장 중: res://.godot/imported/slow_t3.png-b01cbaa313ae484954f061149a688189.ctex
[  27% ] savepack | 파일 저장 중: res://assets/towers/bodies/slow_t3.png.import
[  28% ] savepack | 파일 저장 중: res://.godot/imported/slow_t4.png-63ae5046d030a88e25b908be13768c4d.ctex
[  28% ] savepack | 파일 저장 중: res://assets/towers/bodies/slow_t4.png.import
[  28% ] savepack | 파일 저장 중: res://.godot/imported/stun_t1.png-110c3886506afc1b64621680685b97a4.ctex
[  28% ] savepack | 파일 저장 중: res://assets/towers/bodies/stun_t1.png.import
[  29% ] savepack | 파일 저장 중: res://.godot/imported/stun_t2.png-0a52cf87634a9b3d5f9d3c56116f2821.ctex
[  29% ] savepack | 파일 저장 중: res://assets/towers/bodies/stun_t2.png.import
[  29% ] savepack | 파일 저장 중: res://.godot/imported/stun_t3.png-1306654c42f86b60eea638a252125d7f.ctex
[  29% ] savepack | 파일 저장 중: res://assets/towers/bodies/stun_t3.png.import
[  30% ] savepack | 파일 저장 중: res://.godot/imported/stun_t4.png-f5636bcb84c2d1349f16cd11fc87936b.ctex
[  30% ] savepack | 파일 저장 중: res://assets/towers/bodies/stun_t4.png.import
[  30% ] savepack | 파일 저장 중: res://.godot/imported/turretDot1_atk.png-ac9f9d80038727d4af3c2c75acaac908.ctex
[  30% ] savepack | 파일 저장 중: res://assets/towers/charactor/turretDot/atk animation/turretDot1_atk.png.import
[  31% ] savepack | 파일 저장 중: res://.godot/imported/turretDot2_atk.png-3e584922694eb4c8df235bd4a1e20882.ctex
[  31% ] savepack | 파일 저장 중: res://assets/towers/charactor/turretDot/atk animation/turretDot2_atk.png.import
[  32% ] savepack | 파일 저장 중: res://.godot/imported/turretDot3_atk.png-db704d3d969ffc8e814f863884e41c3a.ctex
[  32% ] savepack | 파일 저장 중: res://assets/towers/charactor/turretDot/atk animation/turretDot3_atk.png.import
[  32% ] savepack | 파일 저장 중: res://.godot/imported/turretDot4_atk.png-11480c4e90f4b9cbec704e0420ff9154.ctex
[  32% ] savepack | 파일 저장 중: res://assets/towers/charactor/turretDot/atk animation/turretDot4_atk.png.import
[  33% ] savepack | 파일 저장 중: res://.godot/imported/turretDot1.png-a544d3f5bb5d8bd0f8e0fcb6c3ed8304.ctex
[  33% ] savepack | 파일 저장 중: res://assets/towers/charactor/turretDot/turretDot1.png.import
[  33% ] savepack | 파일 저장 중: res://.godot/imported/turretDot2.png-d7093bb3d62ab0acc663a46b17af3a70.ctex
[  33% ] savepack | 파일 저장 중: res://assets/towers/charactor/turretDot/turretDot2.png.import
[  33% ] savepack | 파일 저장 중: res://.godot/imported/turretDot3.png-1ead1aec1a66d60946f94be8a045e1cb.ctex
[  33% ] savepack | 파일 저장 중: res://assets/towers/charactor/turretDot/turretDot3.png.import
[  33% ] savepack | 파일 저장 중: res://.godot/imported/turretDot4.png-d6a1212a9350942b026f2b190e8686ae.ctex
[  33% ] savepack | 파일 저장 중: res://assets/towers/charactor/turretDot/turretDot4.png.import
[  34% ] savepack | 파일 저장 중: res://.godot/imported/cha_3_1_fx1.png-f2b1bcaab82b852ef8e6b464f1214de4.ctex
[  34% ] savepack | 파일 저장 중: res://assets/towers/charactor/turretDot_FX/cha_3_1/cha_3_1_fx1.png.import
[  35% ] savepack | 파일 저장 중: res://.godot/imported/cha_3_1_fx2.png-be49fb9b5a75967c5714e4278b88b9e6.ctex
[  35% ] savepack | 파일 저장 중: res://assets/towers/charactor/turretDot_FX/cha_3_1/cha_3_1_fx2.png.import
[  35% ] savepack | 파일 저장 중: res://.godot/imported/cha_3_1_fx3.png-d90b7852cba8daf83dd8c5e125dd67f5.ctex
[  35% ] savepack | 파일 저장 중: res://assets/towers/charactor/turretDot_FX/cha_3_1/cha_3_1_fx3.png.import
[  36% ] savepack | 파일 저장 중: res://.godot/imported/cha_3_1_fx4.png-97ee9b7c3eb182c18c1799acee59a50f.ctex
[  36% ] savepack | 파일 저장 중: res://assets/towers/charactor/turretDot_FX/cha_3_1/cha_3_1_fx4.png.import
[  36% ] savepack | 파일 저장 중: res://.godot/imported/cha_3_1_fx5.png-c25028e9ea595adda523f61dabbbfa0e.ctex
[  36% ] savepack | 파일 저장 중: res://assets/towers/charactor/turretDot_FX/cha_3_1/cha_3_1_fx5.png.import
[  37% ] savepack | 파일 저장 중: res://.godot/imported/cha_3_2_fx1.png-ea865065c6b27ca7d7451741cd9efdd5.ctex
[  37% ] savepack | 파일 저장 중: res://assets/towers/charactor/turretDot_FX/cha_3_2/cha_3_2_fx1.png.import
[  37% ] savepack | 파일 저장 중: res://.godot/imported/cha_3_2_fx2.png-50e3193d632f2342d6e8f41689e5faac.ctex
[  37% ] savepack | 파일 저장 중: res://assets/towers/charactor/turretDot_FX/cha_3_2/cha_3_2_fx2.png.import
[  38% ] savepack | 파일 저장 중: res://.godot/imported/cha_3_2_fx3.png-560c09fb1e748867b9cd5a450cce3e77.ctex
[  38% ] savepack | 파일 저장 중: res://assets/towers/charactor/turretDot_FX/cha_3_2/cha_3_2_fx3.png.import
[  38% ] savepack | 파일 저장 중: res://.godot/imported/cha_3_2_fx4.png-aef10a145f7b93a7f00017f179860be1.ctex
[  38% ] savepack | 파일 저장 중: res://assets/towers/charactor/turretDot_FX/cha_3_2/cha_3_2_fx4.png.import
[  39% ] savepack | 파일 저장 중: res://.godot/imported/cha_3_2_fx5.png-4422d26c66c2d710610146c57202cd8f.ctex
[  39% ] savepack | 파일 저장 중: res://assets/towers/charactor/turretDot_FX/cha_3_2/cha_3_2_fx5.png.import
[  40% ] savepack | 파일 저장 중: res://.godot/imported/cha_3_3_fx1.png-f5b96fc6cbad9a517b749faba582e70d.ctex
[  40% ] savepack | 파일 저장 중: res://assets/towers/charactor/turretDot_FX/cha_3_3/cha_3_3_fx1.png.import
[  40% ] savepack | 파일 저장 중: res://.godot/imported/cha_3_3_fx2.png-54479bad8826af570217c0a428a49c51.ctex
[  40% ] savepack | 파일 저장 중: res://assets/towers/charactor/turretDot_FX/cha_3_3/cha_3_3_fx2.png.import
[  41% ] savepack | 파일 저장 중: res://.godot/imported/cha_3_3_fx3.png-aec7ed2e90d279ea103d780099cdf80c.ctex
[  41% ] savepack | 파일 저장 중: res://assets/towers/charactor/turretDot_FX/cha_3_3/cha_3_3_fx3.png.import
[  41% ] savepack | 파일 저장 중: res://.godot/imported/cha_3_3_fx4.png-cd4ecb4080c10a42cf44bf2579b67f65.ctex
[  41% ] savepack | 파일 저장 중: res://assets/towers/charactor/turretDot_FX/cha_3_3/cha_3_3_fx4.png.import
[  42% ] savepack | 파일 저장 중: res://.godot/imported/cha_3_3_fx5.png-a048115ddadcbd2248b09a4688357e5a.ctex
[  42% ] savepack | 파일 저장 중: res://assets/towers/charactor/turretDot_FX/cha_3_3/cha_3_3_fx5.png.import
[  42% ] savepack | 파일 저장 중: res://.godot/imported/cha_3_4_fx1.png-4fdf8683fc2addbf6ca77e960144b830.ctex
[  42% ] savepack | 파일 저장 중: res://assets/towers/charactor/turretDot_FX/cha_3_4/cha_3_4_fx1.png.import
[  43% ] savepack | 파일 저장 중: res://.godot/imported/cha_3_4_fx2.png-9c2e00cfae1c6f986d8b39347972dd9a.ctex
[  43% ] savepack | 파일 저장 중: res://assets/towers/charactor/turretDot_FX/cha_3_4/cha_3_4_fx2.png.import
[  44% ] savepack | 파일 저장 중: res://.godot/imported/cha_3_4_fx3.png-3608f92c9fd9fcaad38bdeca4f71734d.ctex
[  44% ] savepack | 파일 저장 중: res://assets/towers/charactor/turretDot_FX/cha_3_4/cha_3_4_fx3.png.import
[  44% ] savepack | 파일 저장 중: res://.godot/imported/cha_3_4_fx4.png-b4b9332d15654093a44ae1d007198b3b.ctex
[  44% ] savepack | 파일 저장 중: res://assets/towers/charactor/turretDot_FX/cha_3_4/cha_3_4_fx4.png.import
[  45% ] savepack | 파일 저장 중: res://.godot/imported/cha_3_4_fx5.png-cb9b4212a726cf8a372408859c8d7e4c.ctex
[  45% ] savepack | 파일 저장 중: res://assets/towers/charactor/turretDot_FX/cha_3_4/cha_3_4_fx5.png.import
[  45% ] savepack | 파일 저장 중: res://.godot/imported/turretDot1_FX.png-21798c612aca2fb31437f200b4185c24.ctex
[  45% ] savepack | 파일 저장 중: res://assets/towers/charactor/turretDot_FX/turretDot1_FX.png.import
[  46% ] savepack | 파일 저장 중: res://.godot/imported/turretDot2_FX.png-f58e3ebcc55233399a09140f85292541.ctex
[  46% ] savepack | 파일 저장 중: res://assets/towers/charactor/turretDot_FX/turretDot2_FX.png.import
[  46% ] savepack | 파일 저장 중: res://.godot/imported/turretDot3_FX.png-2c41d1a1091c7cf53fa166c76e21ca21.ctex
[  46% ] savepack | 파일 저장 중: res://assets/towers/charactor/turretDot_FX/turretDot3_FX.png.import
[  47% ] savepack | 파일 저장 중: res://.godot/imported/turretDot4_FX.png-f399413cde7657f06854c30451c5e835.ctex
[  47% ] savepack | 파일 저장 중: res://assets/towers/charactor/turretDot_FX/turretDot4_FX.png.import
[  48% ] savepack | 파일 저장 중: res://.godot/imported/turretMelee1_atk.png-d1a31d03393af45873ce406780ab224c.ctex
[  48% ] savepack | 파일 저장 중: res://assets/towers/charactor/turretMelee/atk animation/turretMelee1_atk.png.import
[  48% ] savepack | 파일 저장 중: res://.godot/imported/turretMelee2_atk.png-523e0a9ae4a05c99778487c79d861433.ctex
[  48% ] savepack | 파일 저장 중: res://assets/towers/charactor/turretMelee/atk animation/turretMelee2_atk.png.import
[  49% ] savepack | 파일 저장 중: res://.godot/imported/turretMelee3_atk.png-24439c9454fc72ac8fe3e9b2550f7f13.ctex
[  49% ] savepack | 파일 저장 중: res://assets/towers/charactor/turretMelee/atk animation/turretMelee3_atk.png.import
[  49% ] savepack | 파일 저장 중: res://.godot/imported/turretMelee4_atk.png-0dae03d789e7cf6b89e3aa583ec0942d.ctex
[  49% ] savepack | 파일 저장 중: res://assets/towers/charactor/turretMelee/atk animation/turretMelee4_atk.png.import
[  50% ] savepack | 파일 저장 중: res://.godot/imported/turretMelee1.png-95b2fb8f35ec985e82aa7db3020c9287.ctex
[  50% ] savepack | 파일 저장 중: res://assets/towers/charactor/turretMelee/turretMelee1.png.import
[  50% ] savepack | 파일 저장 중: res://.godot/imported/turretMelee2.png-6005c18cd8edc21d39557bd180012b45.ctex
[  50% ] savepack | 파일 저장 중: res://assets/towers/charactor/turretMelee/turretMelee2.png.import
[  51% ] savepack | 파일 저장 중: res://.godot/imported/turretMelee3.png-8049bc63f76a0d65f4a0fa815b475f30.ctex
[  51% ] savepack | 파일 저장 중: res://assets/towers/charactor/turretMelee/turretMelee3.png.import
[  51% ] savepack | 파일 저장 중: res://.godot/imported/turretMelee4.png-2911e8a356a79f2117e19c09eb52d1d7.ctex
[  51% ] savepack | 파일 저장 중: res://assets/towers/charactor/turretMelee/turretMelee4.png.import
[  52% ] savepack | 파일 저장 중: res://.godot/imported/turretRanged1_atk.png-7d3bbeaf6d738da6f2d291a94561dacd.ctex
[  52% ] savepack | 파일 저장 중: res://assets/towers/charactor/turretRanged/atk animation/turretRanged1_atk.png.import
[  53% ] savepack | 파일 저장 중: res://.godot/imported/turretRanged2_atk.png-a9fdfd642572feb3d35a769fe8cf742c.ctex
[  53% ] savepack | 파일 저장 중: res://assets/towers/charactor/turretRanged/atk animation/turretRanged2_atk.png.import
[  53% ] savepack | 파일 저장 중: res://.godot/imported/turretRanged3_atk.png-40e03a5139324c6a5e37c11b64c6690b.ctex
[  53% ] savepack | 파일 저장 중: res://assets/towers/charactor/turretRanged/atk animation/turretRanged3_atk.png.import
[  54% ] savepack | 파일 저장 중: res://.godot/imported/turretRanged4_atk.png-167f2e925a45a1c40bca2c2c74f973e3.ctex
[  54% ] savepack | 파일 저장 중: res://assets/towers/charactor/turretRanged/atk animation/turretRanged4_atk.png.import
[  54% ] savepack | 파일 저장 중: res://.godot/imported/turretRanged1.png-2484c64478439281f3b3c2c1d8f3c8ec.ctex
[  54% ] savepack | 파일 저장 중: res://assets/towers/charactor/turretRanged/turretRanged1.png.import
[  55% ] savepack | 파일 저장 중: res://.godot/imported/turretRanged2.png-41a58a395d4d68f023c010a3c2f3f19b.ctex
[  55% ] savepack | 파일 저장 중: res://assets/towers/charactor/turretRanged/turretRanged2.png.import
[  55% ] savepack | 파일 저장 중: res://.godot/imported/turretRanged3.png-3ef440c849d43f9ed97b98326852e15c.ctex
[  55% ] savepack | 파일 저장 중: res://assets/towers/charactor/turretRanged/turretRanged3.png.import
[  56% ] savepack | 파일 저장 중: res://.godot/imported/turretRanged4.png-caaec8d5a26c35c4f8c3d6f37fdbd6e5.ctex
[  56% ] savepack | 파일 저장 중: res://assets/towers/charactor/turretRanged/turretRanged4.png.import
[  57% ] savepack | 파일 저장 중: res://.godot/imported/turretSlow1_atk.png-5f604de0b27026b3048d248124bef868.ctex
[  57% ] savepack | 파일 저장 중: res://assets/towers/charactor/turretSlow/atk animation/turretSlow1_atk.png.import
[  57% ] savepack | 파일 저장 중: res://.godot/imported/turretSlow2_atk.png-c55a10eb85be18b618d85af4b3b2102c.ctex
[  57% ] savepack | 파일 저장 중: res://assets/towers/charactor/turretSlow/atk animation/turretSlow2_atk.png.import
[  58% ] savepack | 파일 저장 중: res://.godot/imported/turretSlow3_atk.png-445920f0c21910e3a50620e2571b6a20.ctex
[  58% ] savepack | 파일 저장 중: res://assets/towers/charactor/turretSlow/atk animation/turretSlow3_atk.png.import
[  58% ] savepack | 파일 저장 중: res://.godot/imported/turretSlow4_atk.png-457a4fc12df35914ba1297163a47fb98.ctex
[  58% ] savepack | 파일 저장 중: res://assets/towers/charactor/turretSlow/atk animation/turretSlow4_atk.png.import
[  59% ] savepack | 파일 저장 중: res://.godot/imported/turretSlow1.png-dc95f8e68fb6e04039b4b39f4e016cb7.ctex
[  59% ] savepack | 파일 저장 중: res://assets/towers/charactor/turretSlow/turretSlow1.png.import
[  59% ] savepack | 파일 저장 중: res://.godot/imported/turretSlow2.png-1883e941c40290fcfd7c1efac44250f2.ctex
[  59% ] savepack | 파일 저장 중: res://assets/towers/charactor/turretSlow/turretSlow2.png.import
[  60% ] savepack | 파일 저장 중: res://.godot/imported/turretSlow3.png-51068a4069ae8774e7c791db41cf0944.ctex
[  60% ] savepack | 파일 저장 중: res://assets/towers/charactor/turretSlow/turretSlow3.png.import
[  61% ] savepack | 파일 저장 중: res://.godot/imported/turretSlow4.png-08082db6f89640c2ec84c94e25346671.ctex
[  61% ] savepack | 파일 저장 중: res://assets/towers/charactor/turretSlow/turretSlow4.png.import
[  61% ] savepack | 파일 저장 중: res://.godot/imported/turretStun1_atk.png-74cbee7b2e8f5961030456de709332ff.ctex
[  61% ] savepack | 파일 저장 중: res://assets/towers/charactor/turretStun/atk animation/turretStun1_atk.png.import
[  62% ] savepack | 파일 저장 중: res://.godot/imported/turretStun2_atk.png-2b5389ab6e4817546a59e20dd969c325.ctex
[  62% ] savepack | 파일 저장 중: res://assets/towers/charactor/turretStun/atk animation/turretStun2_atk.png.import
[  62% ] savepack | 파일 저장 중: res://.godot/imported/turretStun3_atk.png-87712027ae85f68b4deef70c35dd41ed.ctex
[  62% ] savepack | 파일 저장 중: res://assets/towers/charactor/turretStun/atk animation/turretStun3_atk.png.import
[  63% ] savepack | 파일 저장 중: res://.godot/imported/turretStun4_atk.png-206361573b0f5b874d13c8a03ddbf241.ctex
[  63% ] savepack | 파일 저장 중: res://assets/towers/charactor/turretStun/atk animation/turretStun4_atk.png.import
[  63% ] savepack | 파일 저장 중: res://.godot/imported/turretStun1.png-ce012f6e2d38c9de437d302cdb4f315f.ctex
[  63% ] savepack | 파일 저장 중: res://assets/towers/charactor/turretStun/turretStun1.png.import
[  64% ] savepack | 파일 저장 중: res://.godot/imported/turretStun2.png-a1a9e5478d207a6f08ea879abda106dd.ctex
[  64% ] savepack | 파일 저장 중: res://assets/towers/charactor/turretStun/turretStun2.png.import
[  64% ] savepack | 파일 저장 중: res://.godot/imported/turretStun3.png-af88a8d5bbd240684a062b4b9455101f.ctex
[  64% ] savepack | 파일 저장 중: res://assets/towers/charactor/turretStun/turretStun3.png.import
[  65% ] savepack | 파일 저장 중: res://.godot/imported/turretStun4.png-e2b071f9c6d440175319c25fcdf3cd45.ctex
[  65% ] savepack | 파일 저장 중: res://assets/towers/charactor/turretStun/turretStun4.png.import
[  66% ] savepack | 파일 저장 중: res://.godot/imported/dot_flame_t1.png-bf434f9e3b1a911fbdb6b60a7faad48d.ctex
[  66% ] savepack | 파일 저장 중: res://assets/towers/effects/dot_flame_t1.png.import
[  66% ] savepack | 파일 저장 중: res://.godot/imported/dot_flame_t2.png-8bcb17f9ca6647bd036895b071d9934a.ctex
[  66% ] savepack | 파일 저장 중: res://assets/towers/effects/dot_flame_t2.png.import
[  66% ] savepack | 파일 저장 중: res://.godot/imported/dot_flame_t3.png-3386252ce71c2d9feef802c67a48eb64.ctex
[  66% ] savepack | 파일 저장 중: res://assets/towers/effects/dot_flame_t3.png.import
[  66% ] savepack | 파일 저장 중: res://.godot/imported/dot_flame_t4.png-6be601a81c93dcf545ca0548984c7c19.ctex
[  66% ] savepack | 파일 저장 중: res://assets/towers/effects/dot_flame_t4.png.import
[  67% ] savepack | 파일 저장 중: res://.godot/imported/stun_lightning_t4.png-8b15ca68883a713438fed3996f2138d6.ctex
[  67% ] savepack | 파일 저장 중: res://assets/towers/effects/stun_lightning_t4.png.import
[  67% ] savepack | 파일 저장 중: res://.godot/imported/game_clear_title_v1.png-b2fbc0b118e6387000e76cb9dad1304c.ctex
[  67% ] savepack | 파일 저장 중: res://assets/ui/generated/game_clear_title_v1.png.import
[  68% ] savepack | 파일 저장 중: res://.godot/imported/game_over_title_v1.png-bfeb768a396c8d5dced223e87138a520.ctex
[  68% ] savepack | 파일 저장 중: res://assets/ui/generated/game_over_title_v1.png.import
[  69% ] savepack | 파일 저장 중: res://.godot/imported/options_panel_v1.png-601aac18ceaaaa7a5b2ba7b0f9a9eb15.ctex
[  69% ] savepack | 파일 저장 중: res://assets/ui/generated/options_panel_v1.png.import
[  69% ] savepack | 파일 저장 중: res://.godot/imported/pause_button_v1.png-a5b10764f6995cf7b3b045c61401fbe6.ctex
[  69% ] savepack | 파일 저장 중: res://assets/ui/generated/pause_button_v1.png.import
[  70% ] savepack | 파일 저장 중: res://.godot/imported/pause_button_v2.png-c1332581a54e45d3613f56801c114c07.ctex
[  70% ] savepack | 파일 저장 중: res://assets/ui/generated/pause_button_v2.png.import
[  70% ] savepack | 파일 저장 중: res://.godot/imported/shop_card_frame_v1.png-801b484df73a8df8aa98397d9e895ade.ctex
[  70% ] savepack | 파일 저장 중: res://assets/ui/generated/shop_card_frame_v1.png.import
[  71% ] savepack | 파일 저장 중: res://.godot/imported/shop_controls_panel_v1.png-7a9bbd298c92841e6acf860a1eeeeabd.ctex
[  71% ] savepack | 파일 저장 중: res://assets/ui/generated/shop_controls_panel_v1.png.import
[  71% ] savepack | 파일 저장 중: res://.godot/imported/speed_capsule_v1.png-84ff3eb8f1d298fc6cd35f7bdb652f8d.ctex
[  71% ] savepack | 파일 저장 중: res://assets/ui/generated/speed_capsule_v1.png.import
[  72% ] savepack | 파일 저장 중: res://.godot/imported/speed_capsule_v2.png-e055e188fe4182fa3d94de7e7d2fa56f.ctex
[  72% ] savepack | 파일 저장 중: res://assets/ui/generated/speed_capsule_v2.png.import
[  73% ] savepack | 파일 저장 중: res://.godot/imported/day_night_hud_day_frame_v2.png-15452e4e27cd99e8336ea0317b781863.ctex
[  73% ] savepack | 파일 저장 중: res://assets/ui/day_night_hud_day_frame_v2.png.import
[  73% ] savepack | 파일 저장 중: res://.godot/imported/day_night_hud_night_frame_v2.png-c5e14e60f6ebe3a8dd6e52d1e9c33f37.ctex
[  73% ] savepack | 파일 저장 중: res://assets/ui/day_night_hud_night_frame_v2.png.import
[  74% ] savepack | 파일 저장 중: res://.godot/imported/day_night_moon_icon_v1.png-76df1c84fc82901d13a26a963210538b.ctex
[  74% ] savepack | 파일 저장 중: res://assets/ui/day_night_moon_icon_v1.png.import
[  74% ] savepack | 파일 저장 중: res://.godot/imported/day_night_sun_icon_v1.png-df53cbeef7d3238f1cb64dc56f7ccf80.ctex
[  74% ] savepack | 파일 저장 중: res://assets/ui/day_night_sun_icon_v1.png.import
[  75% ] savepack | 파일 저장 중: res://data/prototype_define.json
[  75% ] savepack | 파일 저장 중: res://data/prototype_monsters.json
[  76% ] savepack | 파일 저장 중: res://data/prototype_shop_gacha.json
[  76% ] savepack | 파일 저장 중: res://data/prototype_spawn_table.json
[  77% ] savepack | 파일 저장 중: res://data/prototype_turrets.json
[  78% ] savepack | 파일 저장 중: res://.godot/exported/133200997/export-4dffbe05387cfd208d0c0631c7c3ca09-monster.scn
[  78% ] savepack | 파일 저장 중: res://.godot/exported/133200997/export-9a78ecb0aed0b47656052485038682fe-tower_slot.scn
[  79% ] savepack | 파일 저장 중: res://.godot/exported/133200997/export-6fbb9971dff921ba8188d89d75216d96-balance_edit_cell.scn
[  79% ] savepack | 파일 저장 중: res://.godot/exported/133200997/export-bad751120693923e52123f4419a09ec6-balance_header_cell.scn
[  80% ] savepack | 파일 저장 중: res://.godot/exported/133200997/export-ea778942f5931ecc77a162dbbcf782f5-balance_readonly_cell.scn
[  80% ] savepack | 파일 저장 중: res://.godot/exported/133200997/export-dceca08263e0f3976e55b9da7f0b17da-balance_row_delete_button.scn
[  81% ] savepack | 파일 저장 중: res://.godot/exported/133200997/export-0438dd1cc12e6149626fbd03e7e4a0c8-balance_table_grid.scn
[  82% ] savepack | 파일 저장 중: res://.godot/exported/133200997/export-fdda747f5b908cdccaaab4d6461be940-game_clear_overlay.scn
[  82% ] savepack | 파일 저장 중: res://.godot/exported/133200997/export-60030ad639890a3d8c4bad3ffdd69de9-game_hud.scn
[  83% ] savepack | 파일 저장 중: res://.godot/exported/133200997/export-af011d82c98f42ac9d4b2c6961bf39d4-game_over_overlay.scn
[  83% ] savepack | 파일 저장 중: res://.godot/exported/133200997/export-e245b29ea98c430a56958a5423ccab96-options_menu.scn
[  84% ] savepack | 파일 저장 중: res://.godot/exported/133200997/export-d4d2d0894c4c6e4287da20a6ea0722c3-shop_card.scn
[  84% ] savepack | 파일 저장 중: res://.godot/exported/133200997/export-afe7f0158465d4a14bac1bfcd8e273e9-test_balance_panel.scn
[  85% ] savepack | 파일 저장 중: res://.godot/exported/133200997/export-0728b5a809aa9e76bec4eed36cafce4c-battlefield_layout.scn
[  86% ] savepack | 파일 저장 중: res://.godot/exported/133200997/export-874627d0f19c9803a21ee98001aaa9c4-prototype_game.scn
[  86% ] savepack | 파일 저장 중: res://scripts/ui/game_clear_overlay.gdc
[  87% ] savepack | 파일 저장 중: res://scripts/battlefield_layout.gdc
[  87% ] savepack | 파일 저장 중: res://scripts/battlefield_world.gdc
[  88% ] savepack | 파일 저장 중: res://scripts/monster.gdc
[  88% ] savepack | 파일 저장 중: res://scripts/options_menu.gdc
[  89% ] savepack | 파일 저장 중: res://scripts/prototype_database.gdc
[  89% ] savepack | 파일 저장 중: res://scripts/prototype_game.gdc
[  90% ] savepack | 파일 저장 중: res://scripts/reward_coin_popup.gdc
[  91% ] savepack | 파일 저장 중: res://scripts/shop_card.gdc
[  91% ] savepack | 파일 저장 중: res://scripts/test_balance_panel.gdc
[  92% ] savepack | 파일 저장 중: res://scripts/tower.gdc
[  92% ] savepack | 파일 저장 중: res://scripts/tower_flamethrower.gdc
[  93% ] savepack | 파일 저장 중: res://scripts/tower_hit_effect.gdc
[  93% ] savepack | 파일 저장 중: res://scripts/tower_projectile.gdc
[  94% ] savepack | 파일 저장 중: res://scripts/tower_slot.gdc
[  95% ] savepack | 파일 저장 중: res://scripts/tower_visual_assets.gdc
[  95% ] savepack | 파일 저장 중: res://tests/validate_balance_editor_ui.gdc
[  96% ] savepack | 파일 저장 중: res://tests/validate_balance_table_editing.gdc
[  96% ] savepack | 파일 저장 중: res://tests/validate_editor_ui_layout.gdc
[  97% ] savepack | 파일 저장 중: res://tests/validate_prototype.gdc
[  97% ] savepack | 파일 저장 중: res://tests/validate_shop_price_grayscale.gdc
[  98% ] savepack | 파일 저장 중: res://.godot/imported/icon.svg-218a8f2b3041327d8a5756f3a245f83b.ctex
[  98% ] savepack | 파일 저장 중: res://icon.svg.import
[  98% ] savepack | 파일 저장 중: res://scenes/entities/monster.tscn.remap
[  98% ] savepack | 파일 저장 중: res://scenes/entities/tower_slot.tscn.remap
[  98% ] savepack | 파일 저장 중: res://scenes/ui/balance_edit_cell.tscn.remap
[  98% ] savepack | 파일 저장 중: res://scenes/ui/balance_header_cell.tscn.remap
[  98% ] savepack | 파일 저장 중: res://scenes/ui/balance_readonly_cell.tscn.remap
[  98% ] savepack | 파일 저장 중: res://scenes/ui/balance_row_delete_button.tscn.remap
[  98% ] savepack | 파일 저장 중: res://scenes/ui/balance_table_grid.tscn.remap
[  98% ] savepack | 파일 저장 중: res://scenes/ui/game_clear_overlay.tscn.remap
[  98% ] savepack | 파일 저장 중: res://scenes/ui/game_hud.tscn.remap
[  98% ] savepack | 파일 저장 중: res://scenes/ui/game_over_overlay.tscn.remap
[  98% ] savepack | 파일 저장 중: res://scenes/ui/options_menu.tscn.remap
[  98% ] savepack | 파일 저장 중: res://scenes/ui/shop_card.tscn.remap
[  98% ] savepack | 파일 저장 중: res://scenes/ui/test_balance_panel.tscn.remap
[  98% ] savepack | 파일 저장 중: res://scenes/battlefield_layout.tscn.remap
[  98% ] savepack | 파일 저장 중: res://scenes/prototype_game.tscn.remap
[  98% ] savepack | 파일 저장 중: res://scripts/ui/game_clear_overlay.gd.remap
[  98% ] savepack | 파일 저장 중: res://scripts/battlefield_layout.gd.remap
[  98% ] savepack | 파일 저장 중: res://scripts/battlefield_world.gd.remap
[  98% ] savepack | 파일 저장 중: res://scripts/monster.gd.remap
[  98% ] savepack | 파일 저장 중: res://scripts/options_menu.gd.remap
[  98% ] savepack | 파일 저장 중: res://scripts/prototype_database.gd.remap
[  98% ] savepack | 파일 저장 중: res://scripts/prototype_game.gd.remap
[  98% ] savepack | 파일 저장 중: res://scripts/reward_coin_popup.gd.remap
[  98% ] savepack | 파일 저장 중: res://scripts/shop_card.gd.remap
[  98% ] savepack | 파일 저장 중: res://scripts/test_balance_panel.gd.remap
[  98% ] savepack | 파일 저장 중: res://scripts/tower.gd.remap
[  98% ] savepack | 파일 저장 중: res://scripts/tower_flamethrower.gd.remap
[  98% ] savepack | 파일 저장 중: res://scripts/tower_hit_effect.gd.remap
[  98% ] savepack | 파일 저장 중: res://scripts/tower_projectile.gd.remap
[  98% ] savepack | 파일 저장 중: res://scripts/tower_slot.gd.remap
[  98% ] savepack | 파일 저장 중: res://scripts/tower_visual_assets.gd.remap
[  98% ] savepack | 파일 저장 중: res://tests/validate_balance_editor_ui.gd.remap
[  98% ] savepack | 파일 저장 중: res://tests/validate_balance_table_editing.gd.remap
[  98% ] savepack | 파일 저장 중: res://tests/validate_editor_ui_layout.gd.remap
[  98% ] savepack | 파일 저장 중: res://tests/validate_prototype.gd.remap
[  98% ] savepack | 파일 저장 중: res://tests/validate_shop_price_grayscale.gd.remap
[  98% ] savepack | 파일 저장 중: res://.godot/global_script_class_cache.cfg
[  98% ] savepack | 파일 저장 중: res://icon.svg
[  98% ] savepack | 파일 저장 중: res://.godot/uid_cache.bin
[  98% ] savepack | 파일 저장 중: res://project.binary
[ DONE ] savepack

ERROR: Cannot save file 'C:/Users/iky08/AppData/Roaming/Godot/editor_settings-4.7.tres'.
   at: save (scene/resources/resource_format_text.cpp:1768)
ERROR: Error saving editor settings to C:/Users/iky08/AppData/Roaming/Godot/editor_settings-4.7.tres
   at: save (editor/settings/editor_settings.cpp:1525)
